// Jest Snapshot v1, https://goo.gl/fbAQLP

exports[`<ProductVariantFormFields /> renders and matches snapshot 1`] = `
<ProductVariantFormFields
  color=""
  editView={false}
  image={
    Object {
      "cloudinary_id": "111111",
      "delete_token": "delete tokeeeen",
      "height": 22,
      "id": "1m4g31d",
      "image_url": "peggswatch1.jpg",
      "large_image_url": "peggswatch2.jpg",
      "name": "peggswatch1",
      "transformation": "",
      "width": 22,
    }
  }
  imageIsNew={true}
  mocks={Array []}
  price={0}
  quantity={0}
  sale={true}
  salePrice={0}
  saveToForm={[MockFunction]}
  size=""
>
  <ProductStyles__StyledProduct>
    <div
      className="ProductStyles__StyledProduct-sc-2231u4-0 dOvnhj"
    >
      <div
        className="form-imgs"
      >
        <img
          alt="peggswatch1"
          height="640"
          src="peggswatch2.jpg"
          width="450"
        />
      </div>
      <div
        className="form-content"
      >
        <div
          className="field-padding"
        >
          <label
            htmlFor="size"
          >
            Size:
            <select
              disabled={false}
              id="size"
              name="size"
              onChange={[Function]}
              value=""
            >
              <option
                key="0"
                value=""
              />
              <option
                key="XXS"
                value="XXS"
              >
                XXS
              </option>
              <option
                key="XS"
                value="XS"
              >
                XS
              </option>
              <option
                key="S"
                value="S"
              >
                S
              </option>
              <option
                key="M"
                value="M"
              >
                M
              </option>
              <option
                key="L"
                value="L"
              >
                L
              </option>
              <option
                key="XL"
                value="XL"
              >
                XL
              </option>
              <option
                key="1X"
                value="1X"
              >
                1X
              </option>
              <option
                key="2X"
                value="2X"
              >
                2X
              </option>
              <option
                key="3X"
                value="3X"
              >
                3X
              </option>
              <option
                key="4X"
                value="4X"
              >
                4X
              </option>
              <option
                key="0"
                value="0"
              >
                0
              </option>
              <option
                key="2"
                value="2"
              >
                2
              </option>
              <option
                key="4"
                value="4"
              >
                4
              </option>
              <option
                key="6"
                value="6"
              >
                6
              </option>
              <option
                key="8"
                value="8"
              >
                8
              </option>
              <option
                key="10"
                value="10"
              >
                10
              </option>
              <option
                key="12"
                value="12"
              >
                12
              </option>
              <option
                key="14"
                value="14"
              >
                14
              </option>
              <option
                key="16"
                value="16"
              >
                16
              </option>
              <option
                key="18"
                value="18"
              >
                18
              </option>
            </select>
          </label>
        </div>
        <div
          className="field-padding"
        >
          <label
            htmlFor="color"
          >
            Color:
            <select
              disabled={false}
              id="color"
              name="color"
              onChange={[Function]}
              value=""
            >
              <option
                key="0"
                value=""
              />
              <option
                key="red"
                value="red"
              >
                red
              </option>
              <option
                key="orange"
                value="orange"
              >
                orange
              </option>
              <option
                key="yellow"
                value="yellow"
              >
                yellow
              </option>
              <option
                key="green"
                value="green"
              >
                green
              </option>
              <option
                key="blue"
                value="blue"
              >
                blue
              </option>
              <option
                key="purple"
                value="purple"
              >
                purple
              </option>
              <option
                key="pink"
                value="pink"
              >
                pink
              </option>
              <option
                key="brown"
                value="brown"
              >
                brown
              </option>
              <option
                key="black"
                value="black"
              >
                black
              </option>
              <option
                key="white"
                value="white"
              >
                white
              </option>
              <option
                key="silver"
                value="silver"
              >
                silver
              </option>
              <option
                key="gold"
                value="gold"
              >
                gold
              </option>
              <option
                key="multi"
                value="multi"
              >
                multi
              </option>
            </select>
          </label>
        </div>
        <div
          className="field-padding"
        >
          <label
            htmlFor="quantity"
          >
            Quantity:
            <input
              id="quantity"
              min="1"
              name="quantity"
              onChange={[Function]}
              placeholder="1"
              required={true}
              type="number"
              value={0}
            />
          </label>
        </div>
        <div
          className="field-padding"
        >
          <label
            htmlFor="price"
          >
            Price per Item (USD):
            <input
              id="price"
              min={1}
              name="price"
              onChange={[Function]}
              placeholder={1}
              required={true}
              step={0.01}
              type="number"
              value={0}
            />
          </label>
        </div>
        <div
          className="field-padding"
        >
          <label
            htmlFor="sale"
          >
            <input
              checked="checked"
              id="sale"
              key="true"
              name="sale"
              onChange={[Function]}
              type="checkbox"
              value={true}
            />
            On Sale
          </label>
        </div>
        <div
          className="field-padding"
        >
          <label
            htmlFor="salePrice"
          >
            Sale Price per Item (USD):
            <input
              disabled={false}
              id="salePrice"
              min={1}
              name="salePrice"
              onChange={[Function]}
              placeholder={1}
              step={0.01}
              type="number"
              value={0}
            />
          </label>
        </div>
        <div
          className="field-padding"
        >
          <label
            htmlFor="image"
          >
            Image:
            <div
              className="prdct-padding"
            >
              <div
                className="prdct-padding"
              >
                <label
                  className="inline-lbl"
                  htmlFor="productImage"
                >
                  <input
                    checked={false}
                    id="productImage"
                    key="false"
                    name="productImage"
                    onChange={[Function]}
                    type="radio"
                    value={false}
                  />
                  Same as Product Image
                </label>
              </div>
              <div>
                <label
                  className="inline-lbl"
                  htmlFor="newImage"
                >
                  <input
                    checked={true}
                    id="newImage"
                    key="true"
                    name="newImage"
                    onChange={[Function]}
                    type="radio"
                    value={true}
                  />
                  New Image
                </label>
              </div>
              <div
                className="field-padding"
              >
                <label
                  className="lbl-button"
                  htmlFor="upload"
                >
                  <input
                    id="upload"
                    name="upload"
                    onChange={[Function]}
                    type="file"
                  />
                  Upload Image
                </label>
              </div>
              <div
                className="field-padding field-detail"
              >
                <h5>
                  Upload Details
                </h5>
                <p>
                  ID: 
                  <i>
                    111111
                  </i>
                </p>
                <p>
                  Name: 
                  <i>
                    peggswatch1
                  </i>
                </p>
                <p>
                  Dimensions: 
                  <i>
                    22
                  </i>
                  W x 
                  <i>
                    22
                  </i>
                  H
                </p>
                <p>
                  Transformation: 
                  <i />
                </p>
                <p>
                  Url: 
                  <i>
                    peggswatch1.jpg
                  </i>
                </p>
              </div>
            </div>
          </label>
        </div>
      </div>
    </div>
  </ProductStyles__StyledProduct>
</ProductVariantFormFields>
`;
